
R version 2.15.1 (2012-06-22) -- "Roasted Marshmallows"
Copyright (C) 2012 The R Foundation for Statistical Computing
ISBN 3-900051-07-0
Platform: x86_64-redhat-linux-gnu (64-bit)

R is free software and comes with ABSOLUTELY NO WARRANTY.
You are welcome to redistribute it under certain conditions.
Type 'license()' or 'licence()' for distribution details.

  Natural language support but running in an English locale

R is a collaborative project with many contributors.
Type 'contributors()' for more information and
'citation()' on how to cite R or R packages in publications.

Type 'demo()' for some demos, 'help()' for on-line help, or
'help.start()' for an HTML browser interface to help.
Type 'q()' to quit R.

> ## get the z score for each voxel
> library(Rmpi)
librdmacm: couldn't read ABI version.
librdmacm: assuming: 4
--------------------------------------------------------------------------
[[65022,1],0]: A high-performance Open MPI point-to-point messaging module
was unable to find any relevant network interfaces:

Module: OpenFabrics (openib)
  Host: mat-dt410-uhs1

Another transport will be used instead, although this may result in
lower performance.
--------------------------------------------------------------------------
CMA: unable to get RDMA device list
> library(snow)
> library(bct)
Loading required package: RcppGSL
Loading required package: Rcpp
> 
> Args <- Sys.getenv("R_ARGS")
> print(noquote(strsplit(Args," ")[[1]]))
[1] ANGO  22170 1     1107 
> print(length(noquote(strsplit(Args," ")[[1]])))
[1] 4
> ss <- noquote(strsplit(Args," ")[[1]][1])
> nVoxArg <- as.numeric(noquote(strsplit(Args," ")[[1]][2]))
> Cond <- as.numeric(noquote(strsplit(Args," ")[[1]][3]))
> #CommSet <- c(as.numeric(noquote(strsplit(Args," ")[[1]][4:length(noquote(strsplit(Args," ")[[1]]))])))
> Comm <- c(as.numeric(noquote(strsplit(Args," ")[[1]][4])))
> print(Cond)
[1] 1
> print(nVoxArg)
[1] 22170
> #print(CommSet)
> print(.libPaths())
[1] "/home/michaeljames.andric/R/x86_64-redhat-linux-gnu-library/2.15"
[2] "/usr/lib64/R/library"                                            
[3] "/usr/share/R/library"                                            
> 
> #cluster <- makeMPIcluster(8)
> 
> WriteScores <- function(x, ss, i)
+ {
+     inmatrix <- paste(Sys.getenv("state"),"/",ss,"/TaskOutCor_Cond",i,"Files/",ss,".",i,".corrmatrix.bin.thresh",sep="")
+     cifile <- paste(Sys.getenv("state"),"/",ss,"/TaskOutCor_Cond",i,"Files/",ss,".",i,".comm.tree3.justcomm",sep="")
+     ci <- as.matrix(read.table(cifile))
+     library(bct)
+     par_fmodule_degree_zscore(inmatrix, ci, x)
+ }
> 
> zfile_concat <- function(filelist, size)
+ {
+     Z = mat.or.vec(size, 1)
+     ## overwrite any zero value with new value
+     for (f in filelist)
+     {
+         zz <- file(f, "rb")
+         zarray <- readBin(zz, numeric(), size)
+         idx = 0
+         for (ii in zarray)
+         {
+             if (ii != 0)
+             {
+                 Z[idx] = ii
+             }
+             idx = idx + 1
+         }
+         close(zz)
+     }
+     return(Z)
+ }
> 
> ##Compute z scores in paralell
> #parallelFmod <- function(CommSet, nVox, ss, Cond)
> #{
> #    comm.zscores <- parSapply(cluster, CommSet, WriteScores, ss, Cond)
> #    Zscores = zfile_concat(c(comm.zscores),nVox)
> #}
> 
> 
> comm.zscores = WriteScores(Comm,ss,Cond)
> Zscores = zfile_concat(c(comm.zscores),nVox)
Error in numeric(nr) : object 'nVox' not found
Calls: zfile_concat -> mat.or.vec -> numeric
Execution halted
